2025-07-14 10:00:00 - ERROR - Server timeout occurred
2025-07-14 10:01:00 - INFO - System running normally
2025-07-14 10:02:00 - ERROR - Database connection failed
2025-07-14 10:03:00 - WARNING - High latency detected